> library(qtl)
> qtl1d.2.5.m<-read.cross(format="csv",file="1d.2.5_all_lg_map6_male.csv")
> qtl1d.2.5.gp.02<-calc.genoprob(qtl1d.2.5.m,step=0.2,map.function=c("kosambi"),error.prob=0.001)

============================================
> qtl1d.2.5.one.02<-scanone(qtl1d.2.5.gp.02)
> summary(qtl1d.2.5.one.02)
> 
> qtl1d.2.5.two<-scantwo(qtl1d.2.5.gp.02)
> summary(qtl1d.2.5.two)

=============================
> qtl1d.2.5.sim.02<-sim.geno(qtl1d.2.5.gp.02,step=0.2,n.draw=20000,map.function=c("kosambi"),err=0.001)
> qtl1d.2.5.make1.02<-makeqtl(qtl1d.2.5.sim.02,chr=1,pos=30.4)
> qtl1d.2.5.fit.make1.02<-fitqtl(qtl1d.2.5.sim.02,qtl=qtl1d.2.5.make1.02,formula=y~Q1)
> summary(qtl1d.2.5.fit.make1.02)                                                
> qtl1d.2.5.refine1.02<-refineqtl(qtl1d.2.5.sim.02,qtl=qtl1d.2.5.make1.02,formula=y~Q1,verbose=FALSE)
> summary(qtl1d.2.5.refine1.02)
> qtl1d.2.5.add1<-addqtl(qtl1d.2.5.sim.02,qtl=qtl1d.2.5.refine1.02,formula=y~Q1+Q2)
> summary(qtl1d.2.5.add1)

> qtl1d.2.5.make2.02<-makeqtl(qtl1d.2.5.sim.02,chr=c(1,1),pos=c(30.4,91.42))
> qtl1d.2.5.fit.make2.02<-fitqtl(qtl1d.2.5.sim.02,qtl=qtl1d.2.5.make2.02,formula=y~Q1+Q2)
> summary(qtl1d.2.5.fit.make2.02)
> qtl1d.2.5.refine2.02<-refineqtl(qtl1d.2.5.sim.02,qtl=qtl1d.2.5.make2.02,formula=y~Q1+Q2,verbose=FALSE)
> summary(qtl1d.2.5.refine2.02)
> qtl1d.2.5.fit.refine2.02<-fitqtl(qtl1d.2.5.sim.02,qtl=qtl1d.2.5.refine2.02,formula=y~Q1+Q2)
> summary(qtl1d.2.5.fit.refine2.02)
> qtl1d.2.5.add2<-addqtl(qtl1d.2.5.sim.02,qtl=qtl1d.2.5.refine2.02,formula=y~Q1+Q2+Q3)
> summary(qtl1d.2.5.add2)
> addint(qtl1d.2.5.sim.02,qtl=qtl1d.2.5.refine2.02,formula=y~Q1+Q2)

============================
> find.marker(qtl1d.2.5.m,chr=1,pos=30.4)
> find.marker(qtl1d.2.5.m,chr=1,pos=91.4)
> qtl1d.2.5.q1.eff.02<-effectplot(qtl1d.2.5.sim.02,mname1="S004771_628132",draw=FALSE)
> qtl1d.2.5.q1.eff.02
> qtl1d.2.5.q2.eff.02<-effectplot(qtl1d.2.5.sim.02,mname1="S004095_92718",draw=FALSE)
> qtl1d.2.5.q2.eff.02
> qtl1d.2.5.refine2.eff<-fitqtl(qtl1d.2.5.sim.02,qtl=qtl1d.2.5.refine2.02,formula=y~Q1+Q2,dropone=FALSE,get.est=TRUE)
> summary(qtl1d.2.5.refine2.eff)

======================================
> lodint(qtl1d.2.5.one.02,chr=1)
> lodint(qtl1d.2.5.one.02,chr=1,expandtomarkers=TRUE)
> lodint(qtl1d.2.5.refine2.02,qtl.index=1)
> lodint(qtl1d.2.5.refine2.02,qtl.index=1,expandtomarkers=TRUE)
> lodint(qtl1d.2.5.refine2.02,qtl.index=2)
> lodint(qtl1d.2.5.refine2.02,qtl.index=2,expandtomarkers=TRUE)

===============================
> qtl1d.2.5.m.one.perm<-scanone(qtl1d.2.6.gp.02,n.perm=20000,verbose=FALSE)
> summary(qtl1d.2.5.m.one.perm)
> set.seed(85842519)
> qtl1d.2.5.m.perm2.a<-scantwo(qtl1d.2.5.sim.02,method="hk",n.perm=250)
Doing permutation in batch mode ...
> save(qtl1d.2.5.m.perm2.a,file="/media/thomas/ICE/qtl1d.2.5.m.perm2.a.RData")
> 
> set.seed(85842520)
> qtl1d.2.5.m.perm2.b<-scantwo(qtl1d.2.5.sim.02,method="hk",n.perm=250)
Doing permutation in batch mode ...
> save(qtl1d.2.5.m.perm2.b,file="/media/thomas/ICE/qtl1d.2.5.m.perm2.b.RData")
> 
> set.seed(85842521)
> qtl1d.2.5.m.perm2.c<-scantwo(qtl1d.2.5.sim.02,method="hk",n.perm=250)
Doing permutation in batch mode ...
> save(qtl1d.2.5.m.perm2.c,file="/media/thomas/ICE/qtl1d.2.5.m.perm2.c.RData")
> 
> set.seed(85842522)
> qtl1d.2.5.m.perm2.d<-scantwo(qtl1d.2.5.sim.02,method="hk",n.perm=250)
Doing permutation in batch mode ...
> save(qtl1d.2.5.m.perm2.d,file="/media/thomas/ICE/qtl1d.2.5.m.perm2.d.RData")
> 
> load("/media/thomas/ICE/qtl1d.2.5.m.perm2.a.RData")
> load("/media/thomas/ICE/qtl1d.2.5.m.perm2.b.RData")
> load("/media/thomas/ICE/qtl1d.2.5.m.perm2.c.RData")
> load("/media/thomas/ICE/qtl1d.2.5.m.perm2.d.RData")
> 
> qtl1d.2.5.m.perm2<-c(qtl1d.2.5.m.perm2.a,qtl1d.2.5.m.perm2.b,qtl1d.2.5.m.perm2.c,qtl1d.2.5.m.perm2.d)
> summary(qtl1d.2.5.m.perm2)

> qtl1d.2.5.m.pen<-calc.penalties(qtl1d.2.5.m.perm2)
> print(qtl1d.2.5.m.pen)
    main    heavy    light 
3.548237 6.257471 3.746704 
